app/api/attempts/[deviceId]/route.ts(26,16): error TS2339: Property 'quizAttempt' does not exist on type 'PrismaClient<PrismaClientOptions, never, DefaultArgs>'.
app/api/attempts/[deviceId]/route.ts(27,16): error TS2339: Property 'quizAttempt' does not exist on type 'PrismaClient<PrismaClientOptions, never, DefaultArgs>'.
app/api/attempts/[deviceId]/route.ts(28,16): error TS2339: Property 'challengeAttempt' does not exist on type 'PrismaClient<PrismaClientOptions, never, DefaultArgs>'.
app/api/attempts/[deviceId]/route.ts(32,16): error TS2339: Property 'quizAttempt' does not exist on type 'PrismaClient<PrismaClientOptions, never, DefaultArgs>'.
app/api/attempts/[deviceId]/route.ts(40,16): error TS2339: Property 'challengeAttempt' does not exist on type 'PrismaClient<PrismaClientOptions, never, DefaultArgs>'.
app/api/attempts/[deviceId]/route.ts(50,56): error TS7006: Parameter 'c' implicitly has an 'any' type.
app/api/attempts/[deviceId]/route.ts(52,16): error TS7006: Parameter 'c' implicitly has an 'any' type.
app/api/attempts/[deviceId]/route.ts(53,16): error TS7006: Parameter 'sum' implicitly has an 'any' type.
app/api/attempts/[deviceId]/route.ts(53,21): error TS7006: Parameter 'c' implicitly has an 'any' type.
app/api/attempts/[deviceId]/route.ts(56,26): error TS7006: Parameter 'a' implicitly has an 'any' type.
app/api/attempts/[deviceId]/route.ts(64,31): error TS7006: Parameter 'a' implicitly has an 'any' type.
app/api/attempts/route.ts(33,36): error TS2339: Property 'quizAttempt' does not exist on type 'PrismaClient<PrismaClientOptions, never, DefaultArgs>'.
app/api/attempts/route.ts(50,36): error TS2339: Property 'challengeAttempt' does not exist on type 'PrismaClient<PrismaClientOptions, never, DefaultArgs>'.
